



<ol class="toc">
  
  <li><a href="#aaa">aaa</a>
    
<ol class="toc">
  
  <li><a href="#bbb">bbb</a>
    
  </li>
  
  <li><a href="#ccc">ccc</a>
    
  </li>
  
</ol>

  </li>
  
  <li><a href="#ddd">ddd</a>
    
  </li>
  
</ol>



<h1 id="aaa">aaa</h1>
<p>paragraph</p>

<h2 id="bbb">bbb</h2>
<p>paragraph</p>

<h2 id="ccc">ccc</h2>
<p>paragraph</p>

<h1 id="ddd">ddd</h1>
<p>paragraph</p>

